[     350ms] [INFO] %cDownload the React DevTools for a better development experience: https://react.dev/link/react-devtools font-weight:bold @ http://localhost:3000/_next/static/chunks/node_modules_next_dist_05obe5l._.js:1073
[     386ms] [LOG] [HMR] connected @ http://localhost:3000/_next/static/chunks/node_modules_next_dist_05obe5l._.js:1073
[     411ms] [ERROR] %c%s%c A query that was dehydrated as pending ended up rejecting. [["preparation","materials","app-1"]]: Error: Application app-1 not found; The error will be redacted in production builds background: #e6e6e6;background: light-dark(rgba(0,0,0,0.1), rgba(255,255,255,0.25));color: #000000;color: light-dark(#000000, #ffffff);border-radius: 2px  Server   @ http://localhost:3000/_next/static/chunks/node_modules_next_dist_05obe5l._.js:1914
[     526ms] [LOG] [Fast Refresh] rebuilding @ http://localhost:3000/_next/static/chunks/node_modules_next_dist_05obe5l._.js:1073
[     594ms] Error: Switched to client rendering because the server rendering errored:

redacted
    at resolveErrorDev (C:\Users\Mohith\myprojects\CareerQuest\node_modules\next\dist\compiled\next-server\app-page-turbo.runtime.dev.js:2:406002)
    at processFullStringRow (C:\Users\Mohith\myprojects\CareerQuest\node_modules\next\dist\compiled\next-server\app-page-turbo.runtime.dev.js:2:426434)
    at C:\Users\Mohith\myprojects\CareerQuest\node_modules\next\dist\compiled\next-server\app-page-turbo.runtime.dev.js:2:432671
    at processBinaryChunk (C:\Users\Mohith\myprojects\CareerQuest\node_modules\next\dist\compiled\next-server\app-page-turbo.runtime.dev.js:2:432754)
    at progress (C:\Users\Mohith\myprojects\CareerQuest\node_modules\next\dist\compiled\next-server\app-page-turbo.runtime.dev.js:2:441692)
    at runNextTicks (node:internal/process/task_queues:65:5)
    at process.processImmediate (node:internal/timers:459:9)
    at process.callbackTrampoline (node:internal/async_hooks:130:17)
[     613ms] [LOG] [Fast Refresh] done in 196ms @ http://localhost:3000/_next/static/chunks/node_modules_next_dist_05obe5l._.js:1073
[     959ms] [WARNING] Clerk: Clerk has been loaded with development keys. Development instances have strict usage limits and should not be used when deploying your application to production. Learn more: https://clerk.com/docs/deployments/overview @ http://localhost:3000/_next/static/chunks/node_modules_next_dist_05obe5l._.js:1073
[     983ms] [LOG] [Fast Refresh] rebuilding @ http://localhost:3000/_next/static/chunks/node_modules_next_dist_05obe5l._.js:1073
[    1085ms] [LOG] [Fast Refresh] done in 207ms @ http://localhost:3000/_next/static/chunks/node_modules_next_dist_05obe5l._.js:1073
[    1688ms] [LOG] [Fast Refresh] rebuilding @ http://localhost:3000/_next/static/chunks/node_modules_next_dist_05obe5l._.js:1073
[    1934ms] [ERROR] Failed to load resource: the server responded with a status of 500 (Internal Server Error) @ http://localhost:3000/dashboard/applications/app-1:0
[    1936ms] [LOG] [Fast Refresh] done in 349ms @ http://localhost:3000/_next/static/chunks/node_modules_next_dist_05obe5l._.js:1073
[    4143ms] [LOG] [Fast Refresh] rebuilding @ http://localhost:3000/_next/static/chunks/node_modules_next_dist_05obe5l._.js:1073
[    4329ms] [ERROR] Failed to load resource: the server responded with a status of 500 (Internal Server Error) @ http://localhost:3000/dashboard/applications/app-1:0
[    4334ms] [LOG] [Fast Refresh] done in 291ms @ http://localhost:3000/_next/static/chunks/node_modules_next_dist_05obe5l._.js:1073
[    8820ms] [ERROR] Failed to load resource: the server responded with a status of 500 (Internal Server Error) @ http://localhost:3000/dashboard/applications/app-1:0
[    8836ms] Error: Application app-1 not found
    at getPreparationMaterials (about://React/Server/C:%5CUsers%5CMohith%5Cmyprojects%5CCareerQuest%5C.next%5Cdev%5Cserver%5Cchunks%5Cssr%5C%5Broot-of-the-server%5D__0nsm4s5._.js?103:17338:15)
    at resolveErrorDev (http://localhost:3000/_next/static/chunks/node_modules_next_dist_compiled_react-server-dom-turbopack_164kp-6._.js:1919:105)
    at processFullStringRow (http://localhost:3000/_next/static/chunks/node_modules_next_dist_compiled_react-server-dom-turbopack_164kp-6._.js:2434:29)
    at processFullBinaryRow (http://localhost:3000/_next/static/chunks/node_modules_next_dist_compiled_react-server-dom-turbopack_164kp-6._.js:2393:9)
    at processBinaryChunk (http://localhost:3000/_next/static/chunks/node_modules_next_dist_compiled_react-server-dom-turbopack_164kp-6._.js:2502:221)
    at progress (http://localhost:3000/_next/static/chunks/node_modules_next_dist_compiled_react-server-dom-turbopack_164kp-6._.js:2689:13)
[   27197ms] [ERROR] WebSocket connection to 'ws://localhost:3000/_next/webpack-hmr?id=PfgKUhYzFkLr4zrvsvxQL' failed: Error in connection establishment: net::ERR_CONNECTION_REFUSED @ http://localhost:3000/_next/static/chunks/node_modules_next_dist_client_1um1_-a._.js:14622
[   30557ms] [ERROR] WebSocket connection to 'ws://localhost:3000/_next/webpack-hmr?id=PfgKUhYzFkLr4zrvsvxQL' failed: Error in connection establishment: net::ERR_CONNECTION_REFUSED @ http://localhost:3000/_next/static/chunks/node_modules_next_dist_client_1um1_-a._.js:14622
[   38693ms] [LOG] [HMR] connected @ http://localhost:3000/_next/static/chunks/node_modules_next_dist_05obe5l._.js:1073
[   42726ms] [ERROR] Failed to load resource: the server responded with a status of 404 (Not Found) @ http://localhost:3000/dashboard/applications/app-1:0
[   42896ms] [INFO] %cDownload the React DevTools for a better development experience: https://react.dev/link/react-devtools font-weight:bold @ http://localhost:3000/_next/static/chunks/node_modules_next_dist_05obe5l._.js:1073
[   42931ms] [LOG] [HMR] connected @ http://localhost:3000/_next/static/chunks/node_modules_next_dist_05obe5l._.js:1073
[   42939ms] [LOG] %c%s%c Attention: Clerk collects telemetry data from its SDKs when connected to development instances. background: #e6e6e6;background: light-dark(rgba(0,0,0,0.1), rgba(255,255,255,0.25));color: #000000;color: light-dark(#000000, #ffffff);border-radius: 2px  Server   @ http://localhost:3000/_next/static/chunks/node_modules_next_dist_05obe5l._.js:1073
[   42939ms] [LOG] %c%s%c The data collected is used to inform Clerk's product roadmap. background: #e6e6e6;background: light-dark(rgba(0,0,0,0.1), rgba(255,255,255,0.25));color: #000000;color: light-dark(#000000, #ffffff);border-radius: 2px  Server   @ http://localhost:3000/_next/static/chunks/node_modules_next_dist_05obe5l._.js:1073
[   42940ms] [LOG] %c%s%c To learn more, including how to opt-out from the telemetry program, visit: https://clerk.com/docs/telemetry. background: #e6e6e6;background: light-dark(rgba(0,0,0,0.1), rgba(255,255,255,0.25));color: #000000;color: light-dark(#000000, #ffffff);border-radius: 2px  Server   @ http://localhost:3000/_next/static/chunks/node_modules_next_dist_05obe5l._.js:1073
[   42940ms] [LOG] %c%s%c  background: #e6e6e6;background: light-dark(rgba(0,0,0,0.1), rgba(255,255,255,0.25));color: #000000;color: light-dark(#000000, #ffffff);border-radius: 2px  Server   @ http://localhost:3000/_next/static/chunks/node_modules_next_dist_05obe5l._.js:1073
[   43094ms] [WARNING] Clerk: Clerk has been loaded with development keys. Development instances have strict usage limits and should not be used when deploying your application to production. Learn more: https://clerk.com/docs/deployments/overview @ http://localhost:3000/_next/static/chunks/node_modules_next_dist_05obe5l._.js:1073
