[     156ms] [LOG] [Fast Refresh] rebuilding @ http://localhost:3000/_next/static/chunks/node_modules_next_dist_05obe5l._.js:1073
[     784ms] [LOG] [Fast Refresh] done in 743ms @ http://localhost:3000/_next/static/chunks/node_modules_next_dist_05obe5l._.js:1073
[    1307ms] [INFO] %cDownload the React DevTools for a better development experience: https://react.dev/link/react-devtools font-weight:bold @ http://localhost:3000/_next/static/chunks/node_modules_next_dist_05obe5l._.js:1073
[    1326ms] [LOG] [HMR] connected @ http://localhost:3000/_next/static/chunks/node_modules_next_dist_05obe5l._.js:1073
[    1333ms] [ERROR] %c%s%c A query that was dehydrated as pending ended up rejecting. [["preparation","materials","app-1"]]: Error: Application app-1 not found; The error will be redacted in production builds background: #e6e6e6;background: light-dark(rgba(0,0,0,0.1), rgba(255,255,255,0.25));color: #000000;color: light-dark(#000000, #ffffff);border-radius: 2px  Server   @ http://localhost:3000/_next/static/chunks/node_modules_next_dist_05obe5l._.js:1914
[    1509ms] Error: Switched to client rendering because the server rendering errored:

redacted
    at resolveErrorDev (C:\Users\Mohith\myprojects\CareerQuest\node_modules\next\dist\compiled\next-server\app-page-turbo.runtime.dev.js:2:406002)
    at processFullStringRow (C:\Users\Mohith\myprojects\CareerQuest\node_modules\next\dist\compiled\next-server\app-page-turbo.runtime.dev.js:2:426434)
    at C:\Users\Mohith\myprojects\CareerQuest\node_modules\next\dist\compiled\next-server\app-page-turbo.runtime.dev.js:2:432671
    at processBinaryChunk (C:\Users\Mohith\myprojects\CareerQuest\node_modules\next\dist\compiled\next-server\app-page-turbo.runtime.dev.js:2:432754)
    at progress (C:\Users\Mohith\myprojects\CareerQuest\node_modules\next\dist\compiled\next-server\app-page-turbo.runtime.dev.js:2:441692)
[    1788ms] [WARNING] Clerk: Clerk has been loaded with development keys. Development instances have strict usage limits and should not be used when deploying your application to production. Learn more: https://clerk.com/docs/deployments/overview @ http://localhost:3000/_next/static/chunks/node_modules_next_dist_05obe5l._.js:1073
[    1889ms] [LOG] [Fast Refresh] rebuilding @ http://localhost:3000/_next/static/chunks/node_modules_next_dist_05obe5l._.js:1073
[    1992ms] [LOG] [Fast Refresh] done in 206ms @ http://localhost:3000/_next/static/chunks/node_modules_next_dist_05obe5l._.js:1073
[    2597ms] [LOG] [Fast Refresh] rebuilding @ http://localhost:3000/_next/static/chunks/node_modules_next_dist_05obe5l._.js:1073
[    2798ms] [ERROR] Failed to load resource: the server responded with a status of 500 (Internal Server Error) @ http://localhost:3000/dashboard/applications/app-1:0
[    2800ms] [LOG] [Fast Refresh] done in 309ms @ http://localhost:3000/_next/static/chunks/node_modules_next_dist_05obe5l._.js:1073
[    5047ms] [LOG] [Fast Refresh] rebuilding @ http://localhost:3000/_next/static/chunks/node_modules_next_dist_05obe5l._.js:1073
[    5237ms] [ERROR] Failed to load resource: the server responded with a status of 500 (Internal Server Error) @ http://localhost:3000/dashboard/applications/app-1:0
[    5240ms] [LOG] [Fast Refresh] done in 296ms @ http://localhost:3000/_next/static/chunks/node_modules_next_dist_05obe5l._.js:1073
[    9741ms] [ERROR] Failed to load resource: the server responded with a status of 500 (Internal Server Error) @ http://localhost:3000/dashboard/applications/app-1:0
[    9767ms] Error: Application app-1 not found
    at getPreparationMaterials (about://React/Server/C:%5CUsers%5CMohith%5Cmyprojects%5CCareerQuest%5C.next%5Cdev%5Cserver%5Cchunks%5Cssr%5C%5Broot-of-the-server%5D__0nsm4s5._.js?103:17338:15)
    at resolveErrorDev (http://localhost:3000/_next/static/chunks/node_modules_next_dist_compiled_react-server-dom-turbopack_164kp-6._.js:1919:105)
    at processFullStringRow (http://localhost:3000/_next/static/chunks/node_modules_next_dist_compiled_react-server-dom-turbopack_164kp-6._.js:2434:29)
    at processFullBinaryRow (http://localhost:3000/_next/static/chunks/node_modules_next_dist_compiled_react-server-dom-turbopack_164kp-6._.js:2393:9)
    at processBinaryChunk (http://localhost:3000/_next/static/chunks/node_modules_next_dist_compiled_react-server-dom-turbopack_164kp-6._.js:2502:221)
    at progress (http://localhost:3000/_next/static/chunks/node_modules_next_dist_compiled_react-server-dom-turbopack_164kp-6._.js:2689:13)
