[     199ms] [LOG] [Fast Refresh] rebuilding @ http://localhost:3000/_next/static/chunks/node_modules_next_dist_05obe5l._.js:1073
[     449ms] [LOG] [Fast Refresh] done in 357ms @ http://localhost:3000/_next/static/chunks/node_modules_next_dist_05obe5l._.js:1073
[     556ms] [LOG] [Fast Refresh] rebuilding @ http://localhost:3000/_next/static/chunks/node_modules_next_dist_05obe5l._.js:1073
[     859ms] [LOG] [Fast Refresh] done in 408ms @ http://localhost:3000/_next/static/chunks/node_modules_next_dist_05obe5l._.js:1073
[    1204ms] [INFO] %cDownload the React DevTools for a better development experience: https://react.dev/link/react-devtools font-weight:bold @ http://localhost:3000/_next/static/chunks/node_modules_next_dist_05obe5l._.js:1073
[    1284ms] [LOG] [HMR] connected @ http://localhost:3000/_next/static/chunks/node_modules_next_dist_05obe5l._.js:1073
[    1308ms] [ERROR] %c%s%c A query that was dehydrated as pending ended up rejecting. [["preparation","materials","cmunkyc050001u4w8h955zr8n"]]: Error: Application cmunkyc050001u4w8h955zr8n not found; The error will be redacted in production builds background: #e6e6e6;background: light-dark(rgba(0,0,0,0.1), rgba(255,255,255,0.25));color: #000000;color: light-dark(#000000, #ffffff);border-radius: 2px  Server   @ http://localhost:3000/_next/static/chunks/node_modules_next_dist_05obe5l._.js:1914
[    1641ms] Error: Switched to client rendering because the server rendering errored:

redacted
    at resolveErrorDev (C:\Users\Mohith\myprojects\CareerQuest\node_modules\next\dist\compiled\next-server\app-page-turbo.runtime.dev.js:2:406002)
    at processFullStringRow (C:\Users\Mohith\myprojects\CareerQuest\node_modules\next\dist\compiled\next-server\app-page-turbo.runtime.dev.js:2:426434)
    at C:\Users\Mohith\myprojects\CareerQuest\node_modules\next\dist\compiled\next-server\app-page-turbo.runtime.dev.js:2:432671
    at processBinaryChunk (C:\Users\Mohith\myprojects\CareerQuest\node_modules\next\dist\compiled\next-server\app-page-turbo.runtime.dev.js:2:432754)
    at progress (C:\Users\Mohith\myprojects\CareerQuest\node_modules\next\dist\compiled\next-server\app-page-turbo.runtime.dev.js:2:441692)
[    2116ms] [LOG] [Fast Refresh] rebuilding @ http://localhost:3000/_next/static/chunks/node_modules_next_dist_05obe5l._.js:1073
[    2119ms] [WARNING] Clerk: Clerk has been loaded with development keys. Development instances have strict usage limits and should not be used when deploying your application to production. Learn more: https://clerk.com/docs/deployments/overview @ http://localhost:3000/_next/static/chunks/node_modules_next_dist_05obe5l._.js:1073
[    2141ms] [LOG] [Fast Refresh] done in 219ms @ http://localhost:3000/_next/static/chunks/node_modules_next_dist_05obe5l._.js:1073
[    2253ms] [LOG] [Fast Refresh] rebuilding @ http://localhost:3000/_next/static/chunks/node_modules_next_dist_05obe5l._.js:1073
[    2605ms] [LOG] [Fast Refresh] done in 455ms @ http://localhost:3000/_next/static/chunks/node_modules_next_dist_05obe5l._.js:1073
[    3553ms] [ERROR] Failed to load resource: the server responded with a status of 500 (Internal Server Error) @ http://localhost:3000/dashboard/applications/cmunkyc050001u4w8h955zr8n:0
[    6681ms] [ERROR] Failed to load resource: the server responded with a status of 500 (Internal Server Error) @ http://localhost:3000/dashboard/applications/cmunkyc050001u4w8h955zr8n:0
[    7885ms] [LOG] [Fast Refresh] rebuilding @ http://localhost:3000/_next/static/chunks/node_modules_next_dist_05obe5l._.js:1073
[    8250ms] [LOG] [Fast Refresh] done in 467ms @ http://localhost:3000/_next/static/chunks/node_modules_next_dist_05obe5l._.js:1073
[   11670ms] [ERROR] Failed to load resource: the server responded with a status of 500 (Internal Server Error) @ http://localhost:3000/dashboard/applications/cmunkyc050001u4w8h955zr8n:0
[   11722ms] Error: Application cmunkyc050001u4w8h955zr8n not found
    at getPreparationMaterials (about://React/Server/C:%5CUsers%5CMohith%5Cmyprojects%5CCareerQuest%5C.next%5Cdev%5Cserver%5Cchunks%5Cssr%5C%5Broot-of-the-server%5D__0nsm4s5._.js?115:17338:15)
    at resolveErrorDev (http://localhost:3000/_next/static/chunks/node_modules_next_dist_compiled_react-server-dom-turbopack_164kp-6._.js:1919:105)
    at processFullStringRow (http://localhost:3000/_next/static/chunks/node_modules_next_dist_compiled_react-server-dom-turbopack_164kp-6._.js:2434:29)
    at processFullBinaryRow (http://localhost:3000/_next/static/chunks/node_modules_next_dist_compiled_react-server-dom-turbopack_164kp-6._.js:2393:9)
    at processBinaryChunk (http://localhost:3000/_next/static/chunks/node_modules_next_dist_compiled_react-server-dom-turbopack_164kp-6._.js:2502:221)
    at progress (http://localhost:3000/_next/static/chunks/node_modules_next_dist_compiled_react-server-dom-turbopack_164kp-6._.js:2689:13)
